// Vitest Snapshot v1, https://vitest.dev/guide/snapshot.html

exports[`artPlayerPlugin > should not work 1`] = `
"<ArtPlayer src="" fullscreen flip playback-rate aspect-ratio setting pip   :volume="0.75" width="100%"/><p>@[artPlayer]xxx</p>
<p>@[ artPlayer]123456</p>
<p>@<a href="/xxx.mp4"> artPlayer</a></p>
<ArtPlayer src="/xxx.xxx" fullscreen flip playback-rate aspect-ratio setting pip  type="xxx"  :volume="0.75" width="100%"/>"
`;

exports[`artPlayerPlugin > should work 1`] = `"<ArtPlayer src="/xxx.mp4" fullscreen flip playback-rate aspect-ratio setting pip   :volume="0.75" width="100%"/><ArtPlayer src="/xxx.m3u8" fullscreen flip playback-rate aspect-ratio setting pip  loop autoplay muted  :volume="0.75" width="100%"/><ArtPlayer src="/xxx.flv" fullscreen flip playback-rate aspect-ratio setting pip  autoplay muted  :volume="0.55" width="100%"/><ArtPlayer src="/xxx.mpd" fullscreen flip playback-rate aspect-ratio setting pip  auto-min poster="xx.jpg"  :volume="0.75" width="100%" height="600px" ratio="16:9"/><ArtPlayer src="/xxx" fullscreen flip playback-rate aspect-ratio setting pip  type="mp3"  :volume="0.75" width="100%"/>"`;
