// Vitest Snapshot v1, https://vitest.dev/guide/snapshot.html

exports[`codepenPlugin > should not work 1`] = `
"<iframe class="code-pen-iframe-wrapper" src="https://codepen.io//embed/undefined?default-tab=result" title="Codepen" style="width:100%;height:400px;margin:16px auto;border-radius:5px;" frameborder="no" loading="lazy" allowtransparency="true" allowfullscreen="true">See the Pen <a href="https://codepen.io//pen/undefined">Codepen</a> by  (<a href="https://codepen.io/">@</a>) on <a href="https://codepen.io/">CodePen</a>.</iframe><p>@[codepen]xxx</p>
<p>@[codepen preview](</p>
"
`;

exports[`codepenPlugin > should work 1`] = `"<iframe class="code-pen-iframe-wrapper" src="https://codepen.io/user/embed/slash?default-tab=result" title="Codepen" style="width:100%;height:400px;margin:16px auto;border-radius:5px;" frameborder="no" loading="lazy" allowtransparency="true" allowfullscreen="true">See the Pen <a href="https://codepen.io/user/pen/slash">Codepen</a> by user (<a href="https://codepen.io/user">@user</a>) on <a href="https://codepen.io/">CodePen</a>.</iframe><iframe class="code-pen-iframe-wrapper" src="https://codepen.io/user/embed/preview/slash?default-tab=result" title="Codepen" style="width:100%;height:400px;margin:16px auto;border-radius:5px;" frameborder="no" loading="lazy" allowtransparency="true" allowfullscreen="true">See the Pen <a href="https://codepen.io/user/pen/slash">Codepen</a> by user (<a href="https://codepen.io/user">@user</a>) on <a href="https://codepen.io/">CodePen</a>.</iframe><iframe class="code-pen-iframe-wrapper" src="https://codepen.io/user/embed/preview/slash?editable=true&default-tab=css%2Cresult&theme-id=dark" title="codepen" style="width:100%;height:400px;margin:16px auto;border-radius:5px;" frameborder="no" loading="lazy" allowtransparency="true" allowfullscreen="true">See the Pen <a href="https://codepen.io/user/pen/slash">codepen</a> by user (<a href="https://codepen.io/user">@user</a>) on <a href="https://codepen.io/">CodePen</a>.</iframe>"`;
